// Jest Snapshot v1, https://goo.gl/fbAQLP

exports[`Testing globalReducer should create an initial state when used with no state 1`] = `
Object {
  "archetype": undefined,
  "automatics": Array [],
  "chi": Object {
    "corrupt": Object {
      "cultivation": 0,
      "value": 0,
    },
    "earth": Object {
      "cultivation": 0,
      "value": 0,
    },
    "enlightened": Object {
      "cultivation": 0,
      "value": 0,
    },
    "fire": Object {
      "cultivation": 0,
      "value": 0,
    },
    "general": Object {
      "cultivation": 0,
      "value": 0,
    },
    "metal": Object {
      "cultivation": 0,
      "value": 0,
    },
    "water": Object {
      "cultivation": 0,
      "value": 0,
    },
    "wood": Object {
      "cultivation": 0,
      "value": 0,
    },
  },
  "concept": undefined,
  "destiny": 0,
  "discounts": Array [],
  "entanglement": 0,
  "gear": Object {
    "armors": Array [],
    "weapons": Array [],
  },
  "kungfu": Object {
    "KUNGFU_EXTERNAL": Object {},
    "KUNGFU_INTERNAL": Object {},
    "noRestrictionInternal": Array [],
  },
  "loresheets": Object {},
  "name": undefined,
  "rank": undefined,
  "skills": Array [
    Object {
      "name": "Awareness",
      "specialities": Array [],
      "value": 0,
    },
    Object {
      "name": "Confidence",
      "specialities": Array [],
      "value": 0,
    },
    Object {
      "name": "Crafting",
      "specialities": Array [],
      "value": 0,
    },
    Object {
      "name": "Finesse",
      "specialities": Array [],
      "value": 0,
    },
    Object {
      "name": "Hardiness",
      "specialities": Array [],
      "value": 0,
    },
    Object {
      "name": "Inspire",
      "specialities": Array [],
      "value": 0,
    },
    Object {
      "name": "Learning",
      "specialities": Array [],
      "value": 0,
    },
    Object {
      "name": "Medicine",
      "specialities": Array [],
      "value": 0,
    },
    Object {
      "name": "Might",
      "specialities": Array [],
      "value": 0,
    },
    Object {
      "name": "Perform",
      "specialities": Array [],
      "value": 0,
    },
    Object {
      "name": "Politics",
      "specialities": Array [],
      "value": 0,
    },
    Object {
      "name": "Ride",
      "specialities": Array [],
      "value": 0,
    },
    Object {
      "name": "Stealth",
      "specialities": Array [],
      "value": 0,
    },
    Object {
      "name": "Survival",
      "specialities": Array [],
      "value": 0,
    },
    Object {
      "name": "Tactics",
      "specialities": Array [],
      "value": 0,
    },
    Object {
      "name": "Wu Wei",
      "specialities": Array [],
      "value": 0,
    },
  ],
  "virtues": Array [
    Object {
      "name": "Honor",
      "type": "VIRTUE_CHIVALROUS",
      "value": 0,
    },
    Object {
      "name": "Benevolence",
      "type": "VIRTUE_CHIVALROUS",
      "value": 0,
    },
    Object {
      "name": "Righteousness",
      "type": "VIRTUE_CHIVALROUS",
      "value": 0,
    },
    Object {
      "name": "Loyalty",
      "type": "VIRTUE_CHIVALROUS",
      "value": 0,
    },
    Object {
      "name": "Force",
      "type": "VIRTUE_CHIVALROUS",
      "value": 0,
    },
    Object {
      "name": "Revenge",
      "type": "VIRTUE_SELFISH",
      "value": 0,
    },
    Object {
      "name": "Individualism",
      "type": "VIRTUE_SELFISH",
      "value": 0,
    },
    Object {
      "name": "Obsession",
      "type": "VIRTUE_SELFISH",
      "value": 0,
    },
    Object {
      "name": "Ruthlessness",
      "type": "VIRTUE_SELFISH",
      "value": 0,
    },
    Object {
      "name": "Ferocity",
      "type": "VIRTUE_SELFISH",
      "value": 0,
    },
  ],
}
`;

exports[`Testing globalReducer should do nothing with a junk action 1`] = `
Object {
  "archetype": undefined,
  "automatics": Array [],
  "chi": Object {
    "corrupt": Object {
      "cultivation": 0,
      "value": 0,
    },
    "earth": Object {
      "cultivation": 0,
      "value": 0,
    },
    "enlightened": Object {
      "cultivation": 0,
      "value": 0,
    },
    "fire": Object {
      "cultivation": 0,
      "value": 0,
    },
    "general": Object {
      "cultivation": 0,
      "value": 0,
    },
    "metal": Object {
      "cultivation": 0,
      "value": 0,
    },
    "water": Object {
      "cultivation": 0,
      "value": 0,
    },
    "wood": Object {
      "cultivation": 0,
      "value": 0,
    },
  },
  "concept": undefined,
  "destiny": 0,
  "discounts": Array [],
  "entanglement": 0,
  "gear": Object {
    "armors": Array [],
    "weapons": Array [],
  },
  "kungfu": Object {
    "KUNGFU_EXTERNAL": Object {},
    "KUNGFU_INTERNAL": Object {},
    "noRestrictionInternal": Array [],
  },
  "loresheets": Object {},
  "name": undefined,
  "rank": undefined,
  "skills": Array [
    Object {
      "name": "Awareness",
      "specialities": Array [],
      "value": 0,
    },
    Object {
      "name": "Confidence",
      "specialities": Array [],
      "value": 0,
    },
    Object {
      "name": "Crafting",
      "specialities": Array [],
      "value": 0,
    },
    Object {
      "name": "Finesse",
      "specialities": Array [],
      "value": 0,
    },
    Object {
      "name": "Hardiness",
      "specialities": Array [],
      "value": 0,
    },
    Object {
      "name": "Inspire",
      "specialities": Array [],
      "value": 0,
    },
    Object {
      "name": "Learning",
      "specialities": Array [],
      "value": 0,
    },
    Object {
      "name": "Medicine",
      "specialities": Array [],
      "value": 0,
    },
    Object {
      "name": "Might",
      "specialities": Array [],
      "value": 0,
    },
    Object {
      "name": "Perform",
      "specialities": Array [],
      "value": 0,
    },
    Object {
      "name": "Politics",
      "specialities": Array [],
      "value": 0,
    },
    Object {
      "name": "Ride",
      "specialities": Array [],
      "value": 0,
    },
    Object {
      "name": "Stealth",
      "specialities": Array [],
      "value": 0,
    },
    Object {
      "name": "Survival",
      "specialities": Array [],
      "value": 0,
    },
    Object {
      "name": "Tactics",
      "specialities": Array [],
      "value": 0,
    },
    Object {
      "name": "Wu Wei",
      "specialities": Array [],
      "value": 0,
    },
  ],
  "virtues": Array [
    Object {
      "name": "Honor",
      "type": "VIRTUE_CHIVALROUS",
      "value": 0,
    },
    Object {
      "name": "Benevolence",
      "type": "VIRTUE_CHIVALROUS",
      "value": 0,
    },
    Object {
      "name": "Righteousness",
      "type": "VIRTUE_CHIVALROUS",
      "value": 0,
    },
    Object {
      "name": "Loyalty",
      "type": "VIRTUE_CHIVALROUS",
      "value": 0,
    },
    Object {
      "name": "Force",
      "type": "VIRTUE_CHIVALROUS",
      "value": 0,
    },
    Object {
      "name": "Revenge",
      "type": "VIRTUE_SELFISH",
      "value": 0,
    },
    Object {
      "name": "Individualism",
      "type": "VIRTUE_SELFISH",
      "value": 0,
    },
    Object {
      "name": "Obsession",
      "type": "VIRTUE_SELFISH",
      "value": 0,
    },
    Object {
      "name": "Ruthlessness",
      "type": "VIRTUE_SELFISH",
      "value": 0,
    },
    Object {
      "name": "Ferocity",
      "type": "VIRTUE_SELFISH",
      "value": 0,
    },
  ],
}
`;
