// Jest Snapshot v1, https://goo.gl/fbAQLP

exports[`Testing header action creators should create a set archetype action 1`] = `
Object {
  "archetype": "doctor",
  "type": "HEADER_SET_ARCHETYPE",
}
`;

exports[`Testing header action creators should create a set concept action 1`] = `
Object {
  "concept": "New Concept",
  "type": "HEADER_SET_CONCEPT",
}
`;

exports[`Testing header action creators should create a set name action 1`] = `
Object {
  "name": "New Name",
  "type": "HEADER_SET_NAME",
}
`;

exports[`Testing header action creators should create a set rank action 1`] = `
Object {
  "rank": "4th_rank",
  "type": "HEADER_SET_RANK",
}
`;
