// Jest Snapshot v1, https://goo.gl/fbAQLP

exports[`Testing chi action creator should create a chi buy action 1`] = `
Object {
  "chi": "fire",
  "cost": Object {
    "destiny": 0,
    "discountIdx": -1,
    "discountNewValue": 0,
    "entanglement": 0,
  },
  "type": "CHI_BUY",
  "value": 123,
}
`;
