// Jest Snapshot v1, https://goo.gl/fbAQLP

exports[`Testing chi action creator should create a chi buy action 1`] = `
Object {
  "error": undefined,
  "meta": undefined,
  "payload": Object {
    "chi": "fire",
    "cost": Object {
      "canPay": true,
      "destiny": 0,
      "original": 0,
    },
    "value": 123,
  },
  "type": "chi/BUY",
}
`;
