// Jest Snapshot v1, https://goo.gl/fbAQLP

exports[`Testing for skill action creators should create a buy speciality action 1`] = `
Object {
  "cost": Object {
    "canPay": true,
    "destiny": 0,
    "original": 0,
  },
  "skill": "Awareness",
  "speciality": "Hear",
  "type": "SKILLS_SPECIALITY_BUY",
}
`;
