// Jest Snapshot v1, https://goo.gl/fbAQLP

exports[`Testing initialStateFactory should be constant 1`] = `
Object {
  "archetype": undefined,
  "bonuses": Array [],
  "chi": Object {
    "corrupt": Object {
      "cultivation": 0,
      "value": 0,
    },
    "earth": Object {
      "cultivation": 0,
      "value": 0,
    },
    "enlightened": Object {
      "cultivation": 0,
      "value": 0,
    },
    "fire": Object {
      "cultivation": 0,
      "value": 0,
    },
    "general": Object {
      "cultivation": 0,
      "value": 0,
    },
    "metal": Object {
      "cultivation": 0,
      "value": 0,
    },
    "water": Object {
      "cultivation": 0,
      "value": 0,
    },
    "wood": Object {
      "cultivation": 0,
      "value": 0,
    },
  },
  "concept": undefined,
  "destiny": 0,
  "discounts": Array [],
  "entanglement": 0,
  "history": Array [
    Object {
      "type": "INITIAL_STATE",
    },
  ],
  "kungfu": Object {
    "KUNGFU_EXTERNAL": Object {},
    "KUNGFU_INTERNAL": Object {},
  },
  "loresheets": Object {},
  "name": undefined,
  "rank": undefined,
  "skills": Object {},
  "virtues": Array [
    Object {
      "name": "Honor",
      "type": "VIRTUE_CHIVALROUS",
      "value": 0,
    },
    Object {
      "name": "Benevolence",
      "type": "VIRTUE_CHIVALROUS",
      "value": 0,
    },
    Object {
      "name": "Righteousness",
      "type": "VIRTUE_CHIVALROUS",
      "value": 0,
    },
    Object {
      "name": "Loyalty",
      "type": "VIRTUE_CHIVALROUS",
      "value": 0,
    },
    Object {
      "name": "Force",
      "type": "VIRTUE_CHIVALROUS",
      "value": 0,
    },
    Object {
      "name": "Revenge",
      "type": "VIRTUE_SELFISH",
      "value": 0,
    },
    Object {
      "name": "Individualism",
      "type": "VIRTUE_SELFISH",
      "value": 0,
    },
    Object {
      "name": "Obsession",
      "type": "VIRTUE_SELFISH",
      "value": 0,
    },
    Object {
      "name": "Ruthlessness",
      "type": "VIRTUE_SELFISH",
      "value": 0,
    },
    Object {
      "name": "Ferocity",
      "type": "VIRTUE_SELFISH",
      "value": 0,
    },
  ],
}
`;
