// Jest Snapshot v1, https://goo.gl/fbAQLP

exports[`Testing history action creators should create an history push 1`] = `
Object {
  "payload": Object {
    "action": Object {
      "payload": Object {
        "name": "bob",
      },
      "type": "header/SET_NAME",
    },
  },
  "type": "history/PUSH_TO_HISTORY",
}
`;
